// Jest Snapshot v1, https://goo.gl/fbAQLP

exports[`Render expense summary item 1`] = `
<div
  className="page-header"
>
  <div
    className="content-container"
  >
    <h1
      className="page-header__title"
    >
      Viewing 
      <span>
        3
         
      </span>
      expenses
       totalling 
      <span>
        $1,141.95
      </span>
    </h1>
    <div
      className="page-header__actions"
    >
      <[object Object]
        className="button"
        to="/create"
      >
        Add Expense
      </[object Object]>
    </div>
  </div>
</div>
`;
